
> abm-escalas---sistema-de-gest├úo-militar@0.0.0 build
> vite build

node.exe : 'vite' não é reconhecido como um 
comando interno
No linha:1 caractere:1
+ & "D:\/node.exe" 
"D:\/node_modules/npm/bin/npm-cli.js" run build
+ ~~~~~~~~~~~~~~~~~~~~~~~~~~~~~~~~~~~~~~~~~~~~~~~~
~~~~~~~~~~~~~~~~
    + CategoryInfo          : NotSpecified: ('vit 
   e' não é re...comando interno:String) [], Rem  
  oteException
    + FullyQualifiedErrorId : NativeCommandError
 
ou externo, um programa operável ou um arquivo em 
lotes.
